exports[`test JSX list 1`] = `
<div>
  <h1>
    Countries
  </h1>
  <ul>
    <li>
      England
    </li>
    <li>
      Thailand
    </li>
    <li>
      Hong Kong
    </li>
  </ul>
</div>
`;
